g_error_free
g_bytes_new
g_bytes_new_take
g_bytes_new_static
g_bytes_new_with_free_func
g_bytes_new_from_bytes
g_bytes_get_data
g_bytes_get_size
g_bytes_ref
g_bytes_unref
g_bytes_unref_to_data
g_bytes_unref_to_array
g_bytes_hash
g_bytes_equal
g_bytes_compare
g_free
g_hash_table_iter_init
g_hash_table_iter_next
g_hash_table_ref
g_hash_table_unref
g_main_loop_new
g_main_loop_run
g_main_loop_is_running
g_utf8_strlen
g_variant_type_free
g_variant_type_new
g_variant_type_new_array
g_variant_type_new_maybe
g_variant_type_new_tuple
g_variant_type_new_dict_entry
g_variant_unref
g_variant_get_type_string
g_variant_is_of_type
g_variant_get_boolean
g_variant_get_int64
g_variant_get_variant
g_variant_get_string
g_variant_get_child_value
g_variant_get_fixed_array
g_variant_iter_new
g_variant_iter_init
g_variant_iter_free
g_variant_iter_next_value
g_ref_string_release
g_ref_string_length
g_signal_connect_data
g_signal_handler_disconnect
g_bytes_get_type
g_object_ref_sink
g_object_ref
g_object_unref
g_clear_object
g_input_stream_read_all
g_input_stream_read_bytes
g_input_stream_close
g_input_stream_read_all_async
g_input_stream_read_all_finish
g_input_stream_read_bytes_async
g_input_stream_read_bytes_finish
g_input_stream_close_async
g_input_stream_close_finish
g_output_stream_write_all
g_output_stream_write_bytes
g_output_stream_close
g_output_stream_write_all_async
g_output_stream_write_all_finish
g_output_stream_write_bytes_async
g_output_stream_write_bytes_finish
g_output_stream_close_async
g_output_stream_close_finish
g_bytes_icon_get_type
g_bytes_icon_new
g_bytes_icon_get_bytes
g_io_stream_get_input_stream
g_io_stream_get_output_stream
g_io_stream_close
g_io_stream_close_async
g_io_stream_close_finish
g_io_stream_is_closed
g_io_stream_has_pending
g_io_stream_clear_pending
frida_init
frida_shutdown
frida_deinit
frida_get_main_context
frida_unref
frida_version
frida_version_string
frida_device_manager_new
frida_device_manager_close
frida_device_manager_close_finish
frida_device_manager_close_sync
frida_device_manager_get_device_by_id
frida_device_manager_get_device_by_id_finish
frida_device_manager_get_device_by_id_sync
frida_device_manager_get_device_by_type
frida_device_manager_get_device_by_type_finish
frida_device_manager_get_device_by_type_sync
frida_device_manager_get_device
frida_device_manager_get_device_finish
frida_device_manager_get_device_sync
frida_device_manager_find_device_by_id
frida_device_manager_find_device_by_id_finish
frida_device_manager_find_device_by_id_sync
frida_device_manager_find_device_by_type
frida_device_manager_find_device_by_type_finish
frida_device_manager_find_device_by_type_sync
frida_device_manager_find_device
frida_device_manager_find_device_finish
frida_device_manager_find_device_sync
frida_device_manager_enumerate_devices
frida_device_manager_enumerate_devices_finish
frida_device_manager_enumerate_devices_sync
frida_device_manager_add_remote_device
frida_device_manager_add_remote_device_finish
frida_device_manager_add_remote_device_sync
frida_device_manager_remove_remote_device
frida_device_manager_remove_remote_device_finish
frida_device_manager_remove_remote_device_sync
frida_device_list_size
frida_device_list_get
frida_device_get_id
frida_device_get_name
frida_device_get_icon
frida_device_get_dtype
frida_device_get_bus
frida_device_get_manager
frida_device_is_lost
frida_device_query_system_parameters
frida_device_query_system_parameters_finish
frida_device_query_system_parameters_sync
frida_device_get_frontmost_application
frida_device_get_frontmost_application_finish
frida_device_get_frontmost_application_sync
frida_device_enumerate_applications
frida_device_enumerate_applications_finish
frida_device_enumerate_applications_sync
frida_device_get_process_by_pid
frida_device_get_process_by_pid_finish
frida_device_get_process_by_pid_sync
frida_device_get_process_by_name
frida_device_get_process_by_name_finish
frida_device_get_process_by_name_sync
frida_device_get_process
frida_device_get_process_finish
frida_device_get_process_sync
frida_device_find_process_by_pid
frida_device_find_process_by_pid_finish
frida_device_find_process_by_pid_sync
frida_device_find_process_by_name
frida_device_find_process_by_name_finish
frida_device_find_process_by_name_sync
frida_device_find_process
frida_device_find_process_finish
frida_device_find_process_sync
frida_device_enumerate_processes
frida_device_enumerate_processes_finish
frida_device_enumerate_processes_sync
frida_device_enable_spawn_gating
frida_device_enable_spawn_gating_finish
frida_device_enable_spawn_gating_sync
frida_device_disable_spawn_gating
frida_device_disable_spawn_gating_finish
frida_device_disable_spawn_gating_sync
frida_device_enumerate_pending_spawn
frida_device_enumerate_pending_spawn_finish
frida_device_enumerate_pending_spawn_sync
frida_device_enumerate_pending_children
frida_device_enumerate_pending_children_finish
frida_device_enumerate_pending_children_sync
frida_device_spawn
frida_device_spawn_finish
frida_device_spawn_sync
frida_device_input
frida_device_input_finish
frida_device_input_sync
frida_device_resume
frida_device_resume_finish
frida_device_resume_sync
frida_device_kill
frida_device_kill_finish
frida_device_kill_sync
frida_device_attach
frida_device_attach_finish
frida_device_attach_sync
frida_device_inject_library_file
frida_device_inject_library_file_finish
frida_device_inject_library_file_sync
frida_device_inject_library_blob
frida_device_inject_library_blob_finish
frida_device_inject_library_blob_sync
frida_device_open_channel
frida_device_open_channel_finish
frida_device_open_channel_sync
frida_device_get_host_session
frida_device_get_host_session_finish
frida_device_get_host_session_sync
frida_remote_device_options_new
frida_remote_device_options_get_certificate
frida_remote_device_options_get_origin
frida_remote_device_options_get_token
frida_remote_device_options_get_keepalive_interval
frida_remote_device_options_set_certificate
frida_remote_device_options_set_origin
frida_remote_device_options_set_token
frida_remote_device_options_set_keepalive_interval
frida_application_list_size
frida_application_list_get
frida_application_get_identifier
frida_application_get_name
frida_application_get_pid
frida_application_get_parameters
frida_process_list_size
frida_process_list_get
frida_process_get_pid
frida_process_get_name
frida_process_get_parameters
frida_process_match_options_new
frida_process_match_options_get_timeout
frida_process_match_options_get_scope
frida_process_match_options_set_timeout
frida_process_match_options_set_scope
frida_spawn_options_new
frida_spawn_options_get_argv
frida_spawn_options_get_envp
frida_spawn_options_get_env
frida_spawn_options_get_cwd
frida_spawn_options_get_stdio
frida_spawn_options_get_aux
frida_spawn_options_set_argv
frida_spawn_options_set_envp
frida_spawn_options_set_env
frida_spawn_options_set_cwd
frida_spawn_options_set_stdio
frida_spawn_options_set_aux
frida_frontmost_query_options_new
frida_frontmost_query_options_get_scope
frida_frontmost_query_options_set_scope
frida_application_query_options_new
frida_application_query_options_get_scope
frida_application_query_options_select_identifier
frida_application_query_options_has_selected_identifiers
frida_application_query_options_enumerate_selected_identifiers
frida_application_query_options_set_scope
frida_process_query_options_new
frida_process_query_options_get_scope
frida_process_query_options_select_pid
frida_process_query_options_has_selected_pids
frida_process_query_options_enumerate_selected_pids
frida_process_query_options_set_scope
frida_session_options_new
frida_session_options_get_realm
frida_session_options_get_persist_timeout
frida_session_options_set_realm
frida_session_options_set_persist_timeout
frida_spawn_list_size
frida_spawn_list_get
frida_spawn_get_pid
frida_spawn_get_identifier
frida_child_list_size
frida_child_list_get
frida_child_get_pid
frida_child_get_parent_pid
frida_child_get_origin
frida_child_get_identifier
frida_child_get_path
frida_child_get_argv
frida_child_get_envp
frida_crash_get_pid
frida_crash_get_process_name
frida_crash_get_summary
frida_crash_get_report
frida_crash_get_parameters
frida_bus_get_device
frida_bus_is_detached
frida_bus_attach
frida_bus_attach_finish
frida_bus_attach_sync
frida_bus_post
frida_session_get_pid
frida_session_get_persist_timeout
frida_session_get_device
frida_session_is_detached
frida_session_detach
frida_session_detach_finish
frida_session_detach_sync
frida_session_resume
frida_session_resume_finish
frida_session_resume_sync
frida_session_enable_child_gating
frida_session_enable_child_gating_finish
frida_session_enable_child_gating_sync
frida_session_disable_child_gating
frida_session_disable_child_gating_finish
frida_session_disable_child_gating_sync
frida_session_create_script
frida_session_create_script_finish
frida_session_create_script_sync
frida_session_create_script_from_bytes
frida_session_create_script_from_bytes_finish
frida_session_create_script_from_bytes_sync
frida_session_compile_script
frida_session_compile_script_finish
frida_session_compile_script_sync
frida_session_enable_debugger
frida_session_enable_debugger_finish
frida_session_enable_debugger_sync
frida_session_disable_debugger
frida_session_disable_debugger_finish
frida_session_disable_debugger_sync
frida_session_setup_peer_connection
frida_session_setup_peer_connection_finish
frida_session_setup_peer_connection_sync
frida_session_join_portal
frida_session_join_portal_finish
frida_session_join_portal_sync
frida_script_is_destroyed
frida_script_load
frida_script_load_finish
frida_script_load_sync
frida_script_unload
frida_script_unload_finish
frida_script_unload_sync
frida_script_eternalize
frida_script_eternalize_finish
frida_script_eternalize_sync
frida_script_post
frida_script_options_new
frida_script_options_get_name
frida_script_options_get_runtime
frida_script_options_set_name
frida_script_options_set_runtime
frida_peer_options_new
frida_peer_options_get_stun_server
frida_peer_options_clear_relays
frida_peer_options_add_relay
frida_peer_options_enumerate_relays
frida_peer_options_set_stun_server
frida_relay_new
frida_relay_get_address
frida_relay_get_username
frida_relay_get_password
frida_relay_get_kind
frida_portal_options_new
frida_portal_options_get_certificate
frida_portal_options_get_token
frida_portal_options_get_acl
frida_portal_options_set_certificate
frida_portal_options_set_token
frida_portal_options_set_acl
frida_portal_membership_get_id
frida_portal_membership_terminate
frida_portal_membership_terminate_finish
frida_portal_membership_terminate_sync
frida_rpc_client_new
frida_rpc_client_get_peer
frida_rpc_client_call
frida_rpc_client_call_finish
frida_rpc_client_try_handle_message
frida_rpc_peer_post_rpc_message
frida_rpc_peer_post_rpc_message_finish
frida_injector_new
frida_injector_new_inprocess
frida_injector_close
frida_injector_close_finish
frida_injector_close_sync
frida_injector_inject_library_file
frida_injector_inject_library_file_finish
frida_injector_inject_library_file_sync
frida_injector_inject_library_blob
frida_injector_inject_library_blob_finish
frida_injector_inject_library_blob_sync
frida_injector_demonitor
frida_injector_demonitor_finish
frida_injector_demonitor_sync
frida_injector_demonitor_and_clone_state
frida_injector_demonitor_and_clone_state_finish
frida_injector_demonitor_and_clone_state_sync
frida_injector_recreate_thread
frida_injector_recreate_thread_finish
frida_injector_recreate_thread_sync
frida_control_service_new
frida_control_service_new_with_host_session
frida_control_service_get_host_session
frida_control_service_get_endpoint_params
frida_control_service_get_options
frida_control_service_start
frida_control_service_start_finish
frida_control_service_start_sync
frida_control_service_stop
frida_control_service_stop_finish
frida_control_service_stop_sync
frida_control_service_options_new
frida_control_service_options_get_enable_preload
frida_control_service_options_get_report_crashes
frida_control_service_options_set_enable_preload
frida_control_service_options_set_report_crashes
frida_portal_service_new
frida_portal_service_get_device
frida_portal_service_get_cluster_params
frida_portal_service_get_control_params
frida_portal_service_start
frida_portal_service_start_finish
frida_portal_service_start_sync
frida_portal_service_stop
frida_portal_service_stop_finish
frida_portal_service_stop_sync
frida_portal_service_kick
frida_portal_service_post
frida_portal_service_narrowcast
frida_portal_service_broadcast
frida_portal_service_enumerate_tags
frida_portal_service_tag
frida_portal_service_untag
frida_endpoint_parameters_new
frida_endpoint_parameters_get_address
frida_endpoint_parameters_get_port
frida_endpoint_parameters_get_certificate
frida_endpoint_parameters_get_origin
frida_endpoint_parameters_get_auth_service
frida_endpoint_parameters_get_asset_root
frida_endpoint_parameters_set_asset_root
frida_authentication_service_authenticate
frida_authentication_service_authenticate_finish
frida_static_authentication_service_new
frida_static_authentication_service_get_token_hash
frida_file_monitor_new
frida_file_monitor_get_path
frida_file_monitor_enable
frida_file_monitor_enable_finish
frida_file_monitor_enable_sync
frida_file_monitor_disable
frida_file_monitor_disable_finish
frida_file_monitor_disable_sync
frida_error_quark
frida_runtime_get_type
frida_device_type_get_type
frida_agent_message_kind_get_type
frida_child_origin_get_type
frida_peer_setup_get_type
frida_port_conflict_behavior_get_type
frida_realm_get_type
frida_relay_kind_get_type
frida_scope_get_type
frida_script_runtime_get_type
frida_session_detach_reason_get_type
frida_stdio_get_type
frida_unload_policy_get_type
frida_web_service_flavor_get_type
frida_web_service_transport_get_type
frida_device_manager_get_type
frida_device_list_get_type
frida_device_get_type
frida_remote_device_options_get_type
frida_application_list_get_type
frida_application_get_type
frida_process_list_get_type
frida_process_get_type
frida_process_match_options_get_type
frida_spawn_options_get_type
frida_frontmost_query_options_get_type
frida_application_query_options_get_type
frida_process_query_options_get_type
frida_session_options_get_type
frida_spawn_list_get_type
frida_spawn_get_type
frida_child_list_get_type
frida_child_get_type
frida_crash_get_type
frida_bus_get_type
frida_session_get_type
frida_script_get_type
frida_script_options_get_type
frida_peer_options_get_type
frida_relay_get_type
frida_portal_options_get_type
frida_portal_membership_get_type
frida_rpc_client_get_type
frida_rpc_peer_get_type
frida_injector_get_type
frida_control_service_get_type
frida_control_service_options_get_type
frida_portal_service_get_type
frida_endpoint_parameters_get_type
frida_authentication_service_get_type
frida_static_authentication_service_get_type
frida_file_monitor_get_type
_frida_g_strlen
_frida_g_error_get_message
_frida_g_error_get_code
_frida_g_hash_table_iter_new
_frida_g_hash_table_iter_free
